┌ Warning: 2026-04-22T00:27:30.985 [8105:1]: Setting the system unit base from DEVICE_BASE to SYSTEM_BASE for matrix construction
└ @ PowerNetworkMatrices /home/runner/.julia/packages/PowerNetworkMatrices/ffrVU/src/Ybus.jl:840
┌ Info: 2026-04-22T00:27:31.008 [8105:1]: Unit System changed to UnitSystem.SYSTEM_BASE = 0
└ @ PowerSystems /home/runner/.julia/packages/PowerSystems/yjFCq/src/base.jl:583
┌ Info: 2026-04-22T00:27:31.395 [8105:1]: Finding subnetworks via iterative union find
└ @ PowerNetworkMatrices /home/runner/.julia/packages/PowerNetworkMatrices/ffrVU/src/connectivity_checks.jl:150
┌ Info: 2026-04-22T00:27:32.895 [8105:1]: The reference Bus has a Source connected to it. The frequency reference model will change to ConstantFrequency
└ @ PowerSimulationsDynamics /home/runner/work/PowerSimulationsDynamics.jl/PowerSimulationsDynamics.jl/src/base/frequency_reference.jl:70
┌ Info: 2026-04-22T00:27:32.895 [8105:1]: Pre-Initializing Simulation States
└ @ PowerSimulationsDynamics /home/runner/work/PowerSimulationsDynamics.jl/PowerSimulationsDynamics.jl/src/base/simulation.jl:265
┌ Info: 2026-04-22T00:27:32.896 [8105:1]: Finding subnetworks via iterative union find
└ @ PowerNetworkMatrices /home/runner/.julia/packages/PowerNetworkMatrices/ffrVU/src/connectivity_checks.jl:150
┌ Info: 2026-04-22T00:27:32.903 [8105:1]: Finding subnetworks via iterative union find
└ @ PowerNetworkMatrices /home/runner/.julia/packages/PowerNetworkMatrices/ffrVU/src/connectivity_checks.jl:150
┌ Info: 2026-04-22T00:27:32.904 [8105:1]: Validating connectivity with depth first search (network traversal)
└ @ PowerNetworkMatrices /home/runner/.julia/packages/PowerNetworkMatrices/ffrVU/src/system_utils.jl:19
┌ Info: 2026-04-22T00:27:32.904 [8105:1]: Finding subnetworks via iterative union find
└ @ PowerNetworkMatrices /home/runner/.julia/packages/PowerNetworkMatrices/ffrVU/src/connectivity_checks.jl:150
┌ Info: 2026-04-22T00:27:33.403 [8105:1]: Finding subnetworks via iterative union find
└ @ PowerNetworkMatrices /home/runner/.julia/packages/PowerNetworkMatrices/ffrVU/src/connectivity_checks.jl:150
┌ Info: 2026-04-22T00:27:35.107 [8105:1]: Initial residual size: 0.5808304399736636 L2, 0.5 L∞
└ @ PowerFlows /home/runner/.julia/packages/PowerFlows/9iA32/src/power_flow_setup.jl:162
┌ Info: 2026-04-22T00:27:35.822 [8105:1]: Final residual size: 6.179395388559687e-11 L2, 4.368347350514057e-11 L∞.
└ @ PowerFlows /home/runner/.julia/packages/PowerFlows/9iA32/src/power_flow_method.jl:688
┌ Info: 2026-04-22T00:27:35.823 [8105:1]: The PowerFlows.TrustRegionACPowerFlow solver converged after 1 iterations.
└ @ PowerFlows /home/runner/.julia/packages/PowerFlows/9iA32/src/power_flow_method.jl:690
┌ Warning: 2026-04-22T00:27:36.904 [8105:1]: Reactive power at ref bus is outside limits.
└ @ PowerFlows /home/runner/.julia/packages/PowerFlows/9iA32/src/post_processing.jl:210
┌ Info: 2026-04-22T00:27:37.006 [8105:1]: PowerFlow solve converged, the results have been stored in the system
└ @ PowerSimulationsDynamics /home/runner/work/PowerSimulationsDynamics.jl/PowerSimulationsDynamics.jl/src/utils/pf_utils.jl:37
┌ Info: 2026-04-22T00:27:37.048 [8105:1]: Unit System changed to UnitSystem.DEVICE_BASE = 1
└ @ PowerSystems /home/runner/.julia/packages/PowerSystems/yjFCq/src/base.jl:583
┌ Info: 2026-04-22T00:27:50.532 [8105:1]: Residual from initial guess: max = 4.211031523482234e-11 at 4, total = 5.4823642308107356e-11
└ @ PowerSimulationsDynamics /home/runner/work/PowerSimulationsDynamics.jl/PowerSimulationsDynamics.jl/src/base/nlsolve_wrapper.jl:115
┌ Info: 2026-04-22T00:27:50.598 [8105:1]: Initialization non-linear solve succeeded with a tolerance of 1.0e-9 using solver trust_region. Saving solution.
└ @ PowerSimulationsDynamics /home/runner/work/PowerSimulationsDynamics.jl/PowerSimulationsDynamics.jl/src/base/nlsolve_wrapper.jl:82
┌ Info: 2026-04-22T00:27:50.598 [8105:1]: Attaching Perturbations
└ @ PowerSimulationsDynamics /home/runner/work/PowerSimulationsDynamics.jl/PowerSimulationsDynamics.jl/src/base/simulation.jl:299
┌ Info: 2026-04-22T00:27:51.258 [8105:1]: Simulations status = BUILT
└ @ PowerSimulationsDynamics /home/runner/work/PowerSimulationsDynamics.jl/PowerSimulationsDynamics.jl/src/base/simulation.jl:462
┌ Info: 2026-04-22T00:27:51.259 [8105:1]: 
│ ──────────────────────────────────────────────────────────────────────────────────────
│                                                            Time          Allocations  
│                                                      ───────────────   ───────────────
│                    Total measured:                        20.7s            1.40GiB    
│ 
│ Section                                      ncalls     time    %tot     alloc    %tot
│ ──────────────────────────────────────────────────────────────────────────────────────
│ Build Simulation                                  1    20.7s  100.0%   1.40GiB  100.0%
│   Build Simulation Inputs                         1    2.37s   11.4%    162MiB   11.3%
│     Wrap Branches                                 1   9.62μs    0.0%      176B    0.0%
│     Wrap Dynamic Injectors                        1    1.31s    6.3%    101MiB    7.1%
│     Calculate MM, DAE_vector, Total Shunts        1   94.6ms    0.5%   6.58MiB    0.5%
│     Wrap Static Injectors                         1   95.8ms    0.5%   1.86MiB    0.1%
│   Pre-initialization                              1    8.09s   39.0%    504MiB   35.2%
│     Power Flow solution                           1    4.15s   20.0%    290MiB   20.3%
│     Initialize Static Injectors                   1    3.23s   15.6%    164MiB   11.5%
│     Initialize Dynamic Injectors                  1    708ms    3.4%   49.5MiB    3.5%
│   Calculate Jacobian                              1    3.58s   17.2%    470MiB   32.9%
│   Make Model Function                             1   8.54ms    0.0%    157KiB    0.0%
│   Initial Condition NLsolve refinement            1    6.02s   29.1%    259MiB   18.1%
│   Build Perturbations                             1    188ms    0.9%   14.6MiB    1.0%
│   Make DiffEq Problem                             1    473ms    2.3%   19.4MiB    1.4%
│ ──────────────────────────────────────────────────────────────────────────────────────
│ 
└ @ PowerSimulationsDynamics /home/runner/work/PowerSimulationsDynamics.jl/PowerSimulationsDynamics.jl/src/base/simulation.jl:487
